%!Adobe-FontList 1.23
%Locale:0x412

%BeginFont
Handler:DirectoryHandler
FontType:Invalid
OutlineFileName:C:\Users\UNIRU\Documents\GitHub\FED-RF-2023-Project-LKE\02.2차과제\01.자료수집\Font\KOPUBWORLD_TTF_FONTS-1.zip
FileModTime:1698064617
%EndFont

%BeginFont
Handler:DirectoryHandler
FontType:Invalid
OutlineFileName:C:\Users\UNIRU\Documents\GitHub\FED-RF-2023-Project-LKE\02.2차과제\01.자료수집\Font\bertholdr_mainzer_fraktur.zip
FileModTime:1698064617
%EndFont

%BeginFont
Handler:DirectoryHandler
FontType:Invalid
OutlineFileName:C:\Users\UNIRU\Documents\GitHub\FED-RF-2023-Project-LKE\02.2차과제\01.자료수집\Font\old_london.zip
FileModTime:1698064617
%EndFont

%BeginFont
Handler:DirectoryHandler
FontType:Invalid
OutlineFileName:C:\Users\UNIRU\Documents\GitHub\FED-RF-2023-Project-LKE\02.2차과제\01.자료수집\Font\단조.zip
FileModTime:1698064617
%EndFont

%BeginFont
Handler:DirectoryHandler
FontType:Invalid
OutlineFileName:C:\Users\UNIRU\Documents\GitHub\FED-RF-2023-Project-LKE\02.2차과제\01.자료수집\Font\제주-ttf.zip
FileModTime:1698064617
%EndFont

%BeginFont
Handler:DirectoryHandler
FontType:Invalid
OutlineFileName:C:\Users\UNIRU\Documents\GitHub\FED-RF-2023-Project-LKE\02.2차과제\01.자료수집\Font\코트라_도약체.zip
FileModTime:1698064617
%EndFont

