%!Adobe-FontList 1.23
%Locale:0x412

%BeginFont
Handler:DirectoryHandler
FontType:Invalid
OutlineFileName:C:\Users\UNIRU\Documents\GitHub\FED-RF-2023-Project-LKE\02.2차과제\01.자료수집\Font\KOPUBWORLD_TTF_FONTS-1.zip
FileModTime:1698064617
%EndFont

%BeginFont
Handler:DirectoryHandler
FontType:Invalid
OutlineFileName:C:\Users\UNIRU\Documents\GitHub\FED-RF-2023-Project-LKE\02.2차과제\01.자료수집\Font\bertholdr_mainzer_fraktur.zip
FileModTime:1698064617
%EndFont

%BeginFont
Handler:DirectoryHandler
FontType:TrueType
FontName:Copperplate-Bold
FamilyName:Copperplate
StyleName:Bold
FullName:Copperplate Bold
MenuName:Copperplate
StyleBits:2
WritingScript:Roman
OutlineFileName:C:\Users\UNIRU\Documents\GitHub\FED-RF-2023-Project-LKE\02.2차과제\01.자료수집\Font\copperplate\CopperplateBold.ttf
DataFormat:sfntData
hasSVG:no
hasCOLR:no
VariableFontType:NonVariableFont
FileLength:43472
FileModTime:1698242409
WeightClass:700
WidthClass:5
AngleClass:0
NameArray:0,Mac,4,Copperplate Bold
NameArray:0,Win,1,Copperplate
%EndFont

%BeginFont
Handler:DirectoryHandler
FontType:Type1
FontName:OPTICopperplate-Heavy
FamilyName:OPTICopperplate Heavy
StyleName:Regular
FullName:OPTICopperplate Heavy
MenuName:OPTICopperplate Heavy
StyleBits:0
WritingScript:Roman
OutlineFileName:C:\Users\UNIRU\Documents\GitHub\FED-RF-2023-Project-LKE\02.2차과제\01.자료수집\Font\copperplate\OPTICopperplate-Heavy.otf
DataFormat:sfntData
UsesStandardEncoding:yes
isCFF:yes
hasSVG:no
hasCOLR:no
VariableFontType:NonVariableFont
FileLength:33660
FileModTime:1698242410
WeightClass:500
WidthClass:5
AngleClass:0
NameArray:0,Mac,4,OPTICopperplate Heavy
NameArray:0,Win,1,OPTICopperplate Heavy
%EndFont

%BeginFont
Handler:DirectoryHandler
FontType:Type1
FontName:OPTICopperplate-Light
FamilyName:OPTICopperplate-Light
StyleName:Regular
FullName:OPTICopperplate-Light
MenuName:OPTICopperplate-Light
StyleBits:0
WritingScript:Roman
OutlineFileName:C:\Users\UNIRU\Documents\GitHub\FED-RF-2023-Project-LKE\02.2차과제\01.자료수집\Font\copperplate\OPTICopperplate-Light.otf
DataFormat:sfntData
UsesStandardEncoding:yes
isCFF:yes
hasSVG:no
hasCOLR:no
VariableFontType:NonVariableFont
FileLength:34436
FileModTime:1698242410
WeightClass:500
WidthClass:5
AngleClass:0
NameArray:0,Mac,4,OPTICopperplate-Light
NameArray:0,Win,1,OPTICopperplate-Light
%EndFont

%BeginFont
Handler:DirectoryHandler
FontType:Type1
FontName:OPTICopperplate
FamilyName:OPTICopperplate
StyleName:Regular
FullName:OPTICopperplate
MenuName:OPTICopperplate
StyleBits:0
WritingScript:Roman
OutlineFileName:C:\Users\UNIRU\Documents\GitHub\FED-RF-2023-Project-LKE\02.2차과제\01.자료수집\Font\copperplate\OPTICopperplate.otf
DataFormat:sfntData
UsesStandardEncoding:yes
isCFF:yes
hasSVG:no
hasCOLR:no
VariableFontType:NonVariableFont
FileLength:33180
FileModTime:1698242410
WeightClass:500
WidthClass:5
AngleClass:0
NameArray:0,Mac,4,OPTICopperplate
NameArray:0,Win,1,OPTICopperplate
%EndFont

%BeginFont
Handler:DirectoryHandler
FontType:Invalid
OutlineFileName:C:\Users\UNIRU\Documents\GitHub\FED-RF-2023-Project-LKE\02.2차과제\01.자료수집\Font\old_london.zip
FileModTime:1698064617
%EndFont

%BeginFont
Handler:DirectoryHandler
FontType:Invalid
OutlineFileName:C:\Users\UNIRU\Documents\GitHub\FED-RF-2023-Project-LKE\02.2차과제\01.자료수집\Font\단조.zip
FileModTime:1698064617
%EndFont

%BeginFont
Handler:DirectoryHandler
FontType:Invalid
OutlineFileName:C:\Users\UNIRU\Documents\GitHub\FED-RF-2023-Project-LKE\02.2차과제\01.자료수집\Font\제주-ttf.zip
FileModTime:1698064617
%EndFont

%BeginFont
Handler:DirectoryHandler
FontType:Invalid
OutlineFileName:C:\Users\UNIRU\Documents\GitHub\FED-RF-2023-Project-LKE\02.2차과제\01.자료수집\Font\코트라_도약체.zip
FileModTime:1698064617
%EndFont

